A51 MACRO ASSEMBLER  MIDTERM_ANSWER                                                       11/08/2022 16:47:47 PAGE     1


MACRO ASSEMBLER A51 V8.2.7.0
OBJECT MODULE PLACED IN .\Objects\Midterm_Answer.obj
ASSEMBLER INVOKED BY: C:\Keil_v5\C51\BIN\A51.EXE Midterm_Answer.A51 SET(SMALL) DEBUG PRINT(.\Listings\Midterm_Answer.lst
                      ) OBJECT(.\Objects\Midterm_Answer.obj) EP

LOC  OBJ            LINE     SOURCE

                       1     ; ============== register usage =================|
                       2     ; ------ RB0: ---------------------------------- |
                       3     ; R0 -> keyboard scanning index                  |
                       4     ; R1 -> row counter for scanning keyboard        |
                       5     ; R2 -> keyboard scanning output                                 |
                       6     ; R5, R6, R7 -> delay counter                    |
                       7     ; ------ RB1: ----------+------------------------ |
                       8     ; R0, R1, R2 -> seven segment current value              |
                       9     ; R3 -> input value             0x0B                                             |
                      10     ; R4 -> operand 1       0X0C                                                     |
                      11     ; R5 -> operator        0X0D                                                     |
                      12     ; R6 -> operand 2       0x0E                                                     |
                      13     ; R7 -> delay counter                                                    |
                      14     ; ------ Bit address area: --------------------- |
                      15     ; 0x00 -> operand flag                                                   |
                      16     ; ===============================================|
                      17     
0000                  18                                     ORG     0x00
0000 802E             19                                     JMP     INIT
0003                  20                                     ORG     0x03
0003 215E             21                                     JMP     INT0_ISR
0030                  22                                     ORG     0x30
0030 75A881           23     INIT:                   MOV     IE, #0x81                       ; setup INT0
0033 758131           24                                     MOV     SP, #0x31
0036 C288             25                                     CLR     IT0                                     ; INT0 low 
                             level-triggered
0038 D2D3             26                                     SETB    RS0                             ; using RB1
003A 7800             27                                     MOV     R0, #0
003C 7900             28                                     MOV     R1, #0
003E 7A00             29                                     MOV     R2, #0
0040 C2D3             30                                     CLR     RS0                                     ; using RB0
0042 D200             31                                     SETB    0x00                    ; setup operand flag
                      32                             
0044 C2D3             33     MAIN:                   CLR     RS0                                     ; using RB0
0046 7800             34                                     MOV     R0, #0                          ; keyboard scanning
                              index initial to 0
0048 7904             35                                     MOV     R1, #4                          ; setup the row cou
                             nter
004A 7AF7             36                                     MOV     R2, #0xF7                       ; 1111 0111
004C D2B3             37     SCAN:                   SETB    P3.3                    
004E EA               38                                     MOV     A, R2                           
004F F5A0             39                                     MOV     P2, A                           
0051 30B36B           40                                     JNB     P3.3, EQUAL                     
0054 30A715           41                                     JNB     P2.7, KEY_IN            
0057 08               42                                     INC     R0                                      
0058 30A611           43                                     JNB     P2.6, KEY_IN            
005B 08               44                                     INC     R0                                      
005C 30A50D           45                                     JNB     P2.5, KEY_IN            
005F 08               46                                     INC     R0                                      
0060 30A409           47                                     JNB     P2.4, KEY_IN            
0063 08               48                                     INC     R0                                      
0064 03               49                                     RR      A                                       
0065 FA               50                                     MOV     R2, A                           
0066 D9E4             51                                     DJNZ    R1, SCAN                
0068 3135             52     KEY_OUT:                CALL    DISPLAY                 
006A 80D8             53                             SJMP    MAIN
                      54                                     
A51 MACRO ASSEMBLER  MIDTERM_ANSWER                                                       11/08/2022 16:47:47 PAGE     2

006C 3128             55     KEY_IN:                 CALL    DEBOUNCE                
006E 900183           56                                     MOV     DPTR, #KB_table         
0071 E8               57                                     MOV     A, R0                           
0072 93               58                                     MOVC    A, @A+DPTR              
0073 B40A02           59                                     CJNE    A, #0x0A, NEXT1 
0076 8039             60                                     SJMP    OP_IN                   
0078 B40B02           61     NEXT1:                  CJNE    A, #0x0B, NEXT2 
007B 8034             62                                     SJMP    OP_IN                   
007D B40C02           63     NEXT2:                  CJNE    A, #0x0C, NEXT3 
0080 802F             64                                     SJMP    OP_IN                   
0082 B40D02           65     NEXT3:                  CJNE    A, #0x0D, NEXT4 
0085 802A             66                                     SJMP    OP_IN                   
0087 B40F02           67     NEXT4:                  CJNE    A, #0x0F, NEXT5 
008A 8007             68                                     SJMP    L_BRACKETS              
008C B40E02           69     NEXT5:                  CJNE    A, #0x0E, NEXT6 
008F 800C             70                                     SJMP    R_BRACKETS              
0091 803B             71     NEXT6:                  SJMP    SAVE_IN                 
                      72     
0093 D2D3             73     L_BRACKETS:             SETB    RS0                     
0095 7800             74                                     MOV     R0, #0                  
0097 7900             75                                     MOV     R1, #0                  
0099 7A00             76                                     MOV     R2, #0                  
009B 80CB             77                                     JMP     KEY_OUT                 
                      78     
009D D2D3             79     R_BRACKETS:             SETB    RS0                     
009F D00E             80                                     POP     0x0E    ;R6             
00A1 D00D             81                                     POP     0x0D    ;R5             
00A3 D00C             82                                     POP     0x0C    ;R4             
00A5 3106             83                                     CALL    CAL                     
00A7 C00B             84                                     PUSH    0x0B    ;R3     
00A9 7800             85                                     MOV     R0, #0                  
00AB 7900             86                                     MOV     R1, #0                  
00AD 7A00             87                                     MOV     R2, #0                  
00AF 80B7             88                                     JMP     KEY_OUT                 
                      89     
00B1 D2D3             90     OP_IN:                  SETB    RS0                     
00B3 C0E0             91                                     PUSH    0xE0    ;A      
00B5 C200             92                                     CLR     0x00                    
00B7 7800             93                                     MOV     R0, #0                  
00B9 7900             94                                     MOV     R1, #0                  
00BB 7A00             95                                     MOV     R2, #0                  
00BD 80A9             96                                     JMP     KEY_OUT                 
                      97     
                      98     
                      99     
                     100     
                     101     
                     102     
                     103     
                     104     
                     105     
                     106     
                     107     
                     108     
                     109     
                     110     
                     111     
                     112     
                     113                                     
                     114                                     
                     115                                     
                     116     
                     117     
00BF 3128            118     EQUAL:                  CALL    DEBOUNCE                        
00C1 D2D3            119                                     SETB    RS0                                     
00C3 E581            120                                     MOV     A, SP                                   
A51 MACRO ASSEMBLER  MIDTERM_ANSWER                                                       11/08/2022 16:47:47 PAGE     3

00C5 B43132          121                                     CJNE    A, #0x31, POP_CAL       
00C8 D00B            122                                     POP     0x0B                                    
00CA 316B            123                                     CALL    SET_DEGITS                      
00CC 809A            124                                     JMP     KEY_OUT                                 
                     125     
00CE D2D3            126     SAVE_IN:                SETB    RS0                             
00D0 FF              127                                     MOV     R7, A                           
00D1 E9              128                                     MOV     A, R1                           
00D2 F8              129                                     MOV     R0, A                           
00D3 EA              130                                     MOV     A, R2                           
00D4 F9              131                                     MOV     R1, A                           
00D5 EF              132                                     MOV     A, R7                           
00D6 FA              133                                     MOV     R2, A                           
00D7 E8              134                                     MOV     A, R0                           
00D8 75F064          135                                     MOV     B, #100                         
00DB A4              136                                     MUL     AB                                      
00DC FB              137                                     MOV     R3, A                           
00DD E9              138                                     MOV     A, R1                           
00DE 75F00A          139                                     MOV     B, #10                                  
00E1 A4              140                                     MUL     AB                                      
00E2 8BF0            141                                     MOV     B, R3                           
00E4 25F0            142                                     ADD     A, B                            
00E6 8AF0            143                                     MOV     B, R2                           
00E8 25F0            144                                     ADD     A, B                            
00EA FB              145                                     MOV     R3, A                           
00EB 300006          146                                     JNB     0x00, SKIP_REFRESH      
00EE E581            147                                     MOV     A, SP                           
00F0 9401            148                                     SUBB    A, #0x01                
00F2 F581            149                                     MOV     SP, A                           
00F4 C00B            150     SKIP_REFRESH:   PUSH    0x0B            ;   
00F6 D200            151                                     SETB    0x00                    
00F8 0168            152                                     JMP     KEY_OUT                         
                     153     
00FA D00E            154     POP_CAL:                POP     0x0E                    
00FC D00D            155                                     POP     0x0D                    
00FE D00C            156                                     POP     0x0C                    
0100 3106            157                                     CALL    CAL                     
0102 C00B            158                                     PUSH    0x0B            
0104 0168            159                                     JMP     KEY_OUT                 
                     160     
0106 EC              161     CAL:                    MOV     A, R4                                   
0107 8EF0            162                                     MOV     B, R6                                   
0109 BD0A06          163                                     CJNE    R5, #0x0A, SUB_CAL      
010C 25F0            164                                     ADD     A, B                                    
010E FB              165                                     MOV     R3, A                                   
010F 316B            166                                     CALL    SET_DEGITS                      
0111 22              167                                     RET                                             
0112 BD0B06          168     SUB_CAL:                CJNE    R5, #0x0B, MUL_CAL      
0115 95F0            169                                     SUBB    A, B                            
0117 FB              170                                     MOV     R3, A                                   
0118 316B            171                                     CALL    SET_DEGITS                      
011A 22              172                                     RET                                                     
011B BD0C05          173     MUL_CAL:                CJNE    R5, #0x0C, DIV_CAL      
011E A4              174                                     MUL     AB                                              
011F FB              175                                     MOV     R3, A                                   
0120 316B            176                                     CALL    SET_DEGITS                      
0122 22              177                                     RET                                                     
0123 84              178     DIV_CAL:                DIV     AB                                              
0124 FB              179                                     MOV     R3, A                                   
0125 316B            180                                     CALL    SET_DEGITS                      
0127 22              181                                     RET                                                     
                     182     
0128 7D03            183     DEBOUNCE:               MOV     R5, #3                                  
012A 7EC8            184     DEL_100_MS:             MOV     R6, #200                                
012C 7FFA            185     DEL_500_US:             MOV     R7, #250                                
012E DFFE            186                                     DJNZ    R7, $                           
A51 MACRO ASSEMBLER  MIDTERM_ANSWER                                                       11/08/2022 16:47:47 PAGE     4

0130 DEFA            187                                     DJNZ    R6, DEL_500_US          
0132 DDF6            188                                     DJNZ    R5, DEL_100_MS          
0134 22              189                                     RET                                             
                     190                                     
0135 900193          191     DISPLAY:                MOV     DPTR, #DP_table         
0138 D2D3            192                                     SETB    RS0                             
013A C281            193                                     CLR     P0.1                            
013C E8              194                                     MOV     A, R0                           
013D 93              195                                     MOVC    A, @A+DPTR              
013E F590            196                                     MOV     P1, A                           
0140 3159            197                                     CALL    DEL_300_US              
0142 D281            198                                     SETB    P0.1                    
0144 C282            199                                     CLR     P0.2                            
0146 E9              200                                     MOV     A, R1                           
0147 93              201                                     MOVC    A, @A+DPTR              
0148 F590            202                                     MOV     P1, A                           
014A 3159            203                                     CALL    DEL_300_US              
014C D282            204                                     SETB    P0.2                    
014E C283            205                                     CLR     P0.3                            
0150 EA              206                                     MOV     A, R2                           
0151 93              207                                     MOVC    A, @A+DPTR              
0152 F590            208                                     MOV     P1, A                           
0154 3159            209                                     CALL    DEL_300_US              
0156 D283            210                                     SETB    P0.3                    
                     211                                     
0158 22              212                                     RET                                     
                     213     
0159 7F96            214     DEL_300_US:             MOV     R7, #150                        ; Delay 300 us 
015B DFFE            215                             DJNZ    R7, $
015D 22              216                             RET
                     217     
015E D2D3            218     INT0_ISR:               SETB    RS0                                     
0160 316B            219     COUNTDOWN:              CALL    SET_DEGITS                      
0162 7D0A            220                                     MOV     R5, #10                                 
0164 317A            221                                     CALL    SHOW                            
0166 DBF8            222                                     DJNZ    R3, COUNTDOWN           
0168 316B            223                                     CALL    SET_DEGITS                      
016A 32              224                                     RETI                                            
                     225     
016B EB              226     SET_DEGITS:             MOV     A, R3                   
016C 75F00A          227                                     MOV     B, #10                  
016F 84              228                                     DIV     AB                              
0170 AAF0            229                                     MOV     R2, B                   
0172 75F00A          230                                     MOV     B, #10                  
0175 84              231                                     DIV     AB                              
0176 A9F0            232                                     MOV     R1, B                   
0178 F8              233                                     MOV     R0, A                   
0179 22              234                                     RET                                     
                     235     
017A 7E64            236     SHOW:                   MOV     R6, #100                
017C 3135            237     SHOW1:                  CALL    DISPLAY
017E DEFC            238                             DJNZ    R6, SHOW1
0180 DDF8            239                             DJNZ    R5, SHOW
0182 22              240                             RET
                     241     
0183 01              242     KB_table:               DB              01H             ; 1=========== keyboard table =====
                             ==================== |
0184 02              243                                     DB              02H             ; 2                        
                                                                  |
0185 03              244                                     DB              03H             ; 3                        
                                                  Order:  1       2       3       A                       |
0186 0A              245                                     DB              0AH             ; A                        
                                                                  4       5       6       B               |
0187 04              246                                     DB              04H             ; 4                        
                                                                  7       8       9       C                       |
0188 05              247                                     DB              05H             ; 5                        
A51 MACRO ASSEMBLER  MIDTERM_ANSWER                                                       11/08/2022 16:47:47 PAGE     5

                                                                  F       0       E       D                       |
0189 06              248                                     DB              06H             ; 6                        
                                                                  |
018A 0B              249                                     DB              0BH             ; B                        
                                                                  |
018B 07              250                                     DB              07H             ; 7                        
                                                                  |
018C 08              251                                     DB              08H             ; 8                        
                                                                  |
018D 09              252                                     DB              09H             ; 9                        
                                                                  |
018E 0C              253                                     DB              0CH             ; C                        
                                                                  |
018F 0F              254                                     DB              0FH             ; F                        
                                                                  |
0190 00              255                                     DB              00H             ; 0                        
                                                                  |
0191 0E              256                                     DB              0EH             ; E                        
                                                                  |
0192 0D              257                                     DB              0DH             ; D========================
                             ============================ |
                     258     
0193 C0              259     DP_table:               DB              11000000B               ; 0
0194 F9              260                                     DB              11111001B               ; 1
0195 A4              261                                     DB              10100100B               ; 2
0196 B0              262                                     DB              10110000B               ; 3
0197 99              263                                     DB              10011001B               ; 4
0198 92              264                                     DB              10010010B               ; 5
0199 82              265                                     DB              10000010B               ; 6
019A D8              266                                     DB              11011000B               ; 7
019B 80              267                                     DB              10000000B               ; 8
019C 90              268                                     DB              10010000B               ; 9
019D 88              269                                     DB              10001000B               ; A
019E 83              270                                     DB              10000011B               ; b
                     271                                     
                     272                                     END
A51 MACRO ASSEMBLER  MIDTERM_ANSWER                                                       11/08/2022 16:47:47 PAGE     6

SYMBOL TABLE LISTING
------ ----- -------


N A M E             T Y P E  V A L U E   ATTRIBUTES

B. . . . . . . . .  D ADDR   00F0H   A   
CAL. . . . . . . .  C ADDR   0106H   A   
COUNTDOWN. . . . .  C ADDR   0160H   A   
DEBOUNCE . . . . .  C ADDR   0128H   A   
DEL_100_MS . . . .  C ADDR   012AH   A   
DEL_300_US . . . .  C ADDR   0159H   A   
DEL_500_US . . . .  C ADDR   012CH   A   
DISPLAY. . . . . .  C ADDR   0135H   A   
DIV_CAL. . . . . .  C ADDR   0123H   A   
DP_TABLE . . . . .  C ADDR   0193H   A   
EQUAL. . . . . . .  C ADDR   00BFH   A   
IE . . . . . . . .  D ADDR   00A8H   A   
INIT . . . . . . .  C ADDR   0030H   A   
INT0_ISR . . . . .  C ADDR   015EH   A   
IT0. . . . . . . .  B ADDR   0088H.0 A   
KB_TABLE . . . . .  C ADDR   0183H   A   
KEY_IN . . . . . .  C ADDR   006CH   A   
KEY_OUT. . . . . .  C ADDR   0068H   A   
L_BRACKETS . . . .  C ADDR   0093H   A   
MAIN . . . . . . .  C ADDR   0044H   A   
MUL_CAL. . . . . .  C ADDR   011BH   A   
NEXT1. . . . . . .  C ADDR   0078H   A   
NEXT2. . . . . . .  C ADDR   007DH   A   
NEXT3. . . . . . .  C ADDR   0082H   A   
NEXT4. . . . . . .  C ADDR   0087H   A   
NEXT5. . . . . . .  C ADDR   008CH   A   
NEXT6. . . . . . .  C ADDR   0091H   A   
OP_IN. . . . . . .  C ADDR   00B1H   A   
P0 . . . . . . . .  D ADDR   0080H   A   
P1 . . . . . . . .  D ADDR   0090H   A   
P2 . . . . . . . .  D ADDR   00A0H   A   
P3 . . . . . . . .  D ADDR   00B0H   A   
POP_CAL. . . . . .  C ADDR   00FAH   A   
RS0. . . . . . . .  B ADDR   00D0H.3 A   
R_BRACKETS . . . .  C ADDR   009DH   A   
SAVE_IN. . . . . .  C ADDR   00CEH   A   
SCAN . . . . . . .  C ADDR   004CH   A   
SET_DEGITS . . . .  C ADDR   016BH   A   
SHOW . . . . . . .  C ADDR   017AH   A   
SHOW1. . . . . . .  C ADDR   017CH   A   
SKIP_REFRESH . . .  C ADDR   00F4H   A   
SP . . . . . . . .  D ADDR   0081H   A   
SUB_CAL. . . . . .  C ADDR   0112H   A   


REGISTER BANK(S) USED: 0 


ASSEMBLY COMPLETE.  0 WARNING(S), 0 ERROR(S)
