C51 COMPILER V9.60.0.0   EX77                                                              11/01/2022 17:38:05 PAGE 1   


C51 COMPILER V9.60.0.0, COMPILATION OF MODULE EX77
OBJECT MODULE PLACED IN .\Objects\ex77.obj
COMPILER INVOKED BY: C:\Keil_v5\C51\BIN\C51.EXE ex77.c OPTIMIZE(8,SPEED) BROWSE DEBUG OBJECTEXTEND PRINT(.\Listings\ex77
                    -.lst) TABS(2) OBJECT(.\Objects\ex77.obj)

line level    source

   1          #include <regx51.h>// include header file for 8051
   2          #include <intrins.h>
   3          #define TH0_init (655365-250)/256 //TH 0 _ 256 250
   4          #define TL0_init (655365-250)%256 //TL 0 _init 256 250
   5          #define Timer0_int_exe_time 2000 //the parameter can be changed
   6          
   7          int counter;
   8          void main()
   9          {
  10   1        TMOD = 0x09; //set timer 0 to mode 2 8 bits and auto reload)
  11   1        IP = 0x02 ;//timer 0 interrupt has high priority
  12   1        IE = 0x82 ;//enable timer 0 interrupt
  13   1        P2 = 0xFE ;
  14   1        P3_2= 0;
  15   1        TL0 = (655365-250)%256 ;
  16   1        TH0 = (655365-250)/256 ;
  17   1        TCON = 0x10 ; //enable timer 0
  18   1        while(1)
  19   1        {
  20   2          
  21   2        }
  22   1      }
  23          
  24          void timer0_interrupt (void) interrupt 1 ////‘interrupt 1 is int vector of INT 0
  25          {
  26   1        counter++;
  27   1      
  28   1        if (counter == Timer0_int_exe_time)// 250 clock cycle 2000 0 5 second
  29   1        {
  30   2          P2= _crol_(P2,1);
  31   2          counter =0;
  32   2        }
  33   1        TL0 = (655365-250)%256 ;
  34   1        TH0 = (655365-250)/256 ;
  35   1      }


MODULE INFORMATION:   STATIC OVERLAYABLE
   CODE SIZE        =     86    ----
   CONSTANT SIZE    =   ----    ----
   XDATA SIZE       =   ----    ----
   PDATA SIZE       =   ----    ----
   DATA SIZE        =      2    ----
   IDATA SIZE       =   ----    ----
   BIT SIZE         =   ----    ----
END OF MODULE INFORMATION.


C51 COMPILATION COMPLETE.  0 WARNING(S),  0 ERROR(S)
